[2026-07-15 00:52:10] EMAIL SENT TO: admin@mimshack.com
SUBJECT: Royalty Earned: Sale of 'AI Prompts Pro Packet'!
SMTP SETTINGS: Host=smtp.mailtrap.io, Port=2525, User=mock_user, Security=tls
BODY CONTENT:
----------------------------------------

        <div style='background-color: #131315; color: #E4E2E4; padding: 30px; font-family: sans-serif; border-radius: 12px;'>
            <h1 style='color: #10B981; margin-bottom: 5px;'>Mimshack</h1>
            <h2 style='color: #ffffff; margin-top: 0;'>Congratulations, System Administrator!</h2>
            <p>An order was successfully completed for your digital product <strong>'AI Prompts Pro Packet'</strong>.</p>
            <p style='font-size: 18px;'>Your Royalty Earnings: <strong style='color: #10B981;'>$24.94</strong></p>
            <p>This amount has been credited directly to your Mimshack wallet and is available for immediate withdrawal review.</p>
            <hr style='border: 0; border-top: 1px solid #2A2A2C; margin: 20px 0;'>
            <p style='font-size: 11px; color: #908FA0;'>Keep up the amazing work! Log in to view your Creator metrics.</p>
        </div>

----------------------------------------

[2026-07-15 00:52:10] EMAIL SENT TO: admin@mimshack.com
SUBJECT: Order Confirmed - Your Mimshack Digital Downloads
SMTP SETTINGS: Host=smtp.mailtrap.io, Port=2525, User=mock_user, Security=tls
BODY CONTENT:
----------------------------------------

        <div style='background-color: #131315; color: #E4E2E4; padding: 30px; font-family: sans-serif; border-radius: 12px;'>
            <h1 style='color: #10B981; margin-bottom: 5px;'>Mimshack</h1>
            <h2 style='color: #ffffff; margin-top: 0;'>Thank you for your purchase, System Administrator!</h2>
            <p>Your order is completed. Below are your purchased digital offerings:</p>
            <ul style='padding-left: 20px;'><li style='margin-bottom: 8px;'><strong>AI Prompts Pro Packet</strong> (Digital Pack) - $26.25</li></ul>
            <p style='font-size: 16px;'><strong>Total Paid: $26.25</strong></p>
            <p>You can download these files securely at any time directly from your Mimshack profile dashboard or product detail pages.</p>
            <hr style='border: 0; border-top: 1px solid #2A2A2C; margin: 20px 0;'>
            <p style='font-size: 11px; color: #908FA0;'>If you have any questions, please reply to this email.</p>
        </div>

----------------------------------------

[2026-07-15 00:59:44] EMAIL SENT TO: admin@mimshack.com
SUBJECT: Royalty Earned: Sale of 'AI Prompts Pro Packet'!
SMTP SETTINGS: Host=smtp.mailtrap.io, Port=2525, User=mock_user, Security=tls
BODY CONTENT:
----------------------------------------

        <div style='background-color: #131315; color: #E4E2E4; padding: 30px; font-family: sans-serif; border-radius: 12px;'>
            <h1 style='color: #10B981; margin-bottom: 5px;'>Mimshack</h1>
            <h2 style='color: #ffffff; margin-top: 0;'>Congratulations, System Administrator!</h2>
            <p>An order was successfully completed for your digital product <strong>'AI Prompts Pro Packet'</strong>.</p>
            <p style='font-size: 18px;'>Your Royalty Earnings: <strong style='color: #10B981;'>$24.94</strong></p>
            <p>This amount has been credited directly to your Mimshack wallet and is available for immediate withdrawal review.</p>
            <hr style='border: 0; border-top: 1px solid #2A2A2C; margin: 20px 0;'>
            <p style='font-size: 11px; color: #908FA0;'>Keep up the amazing work! Log in to view your Creator metrics.</p>
        </div>

----------------------------------------

[2026-07-15 00:59:44] EMAIL SENT TO: admin@mimshack.com
SUBJECT: Order Confirmed - Your Mimshack Digital Downloads
SMTP SETTINGS: Host=smtp.mailtrap.io, Port=2525, User=mock_user, Security=tls
BODY CONTENT:
----------------------------------------

        <div style='background-color: #131315; color: #E4E2E4; padding: 30px; font-family: sans-serif; border-radius: 12px;'>
            <h1 style='color: #10B981; margin-bottom: 5px;'>Mimshack</h1>
            <h2 style='color: #ffffff; margin-top: 0;'>Thank you for your purchase, System Administrator!</h2>
            <p>Your order is completed. Below are your purchased digital offerings:</p>
            <ul style='padding-left: 20px;'><li style='margin-bottom: 8px;'><strong>AI Prompts Pro Packet</strong> (Digital Pack) - $26.25</li></ul>
            <p style='font-size: 16px;'><strong>Total Paid: $26.25</strong></p>
            <p>You can download these files securely at any time directly from your Mimshack profile dashboard or product detail pages.</p>
            <hr style='border: 0; border-top: 1px solid #2A2A2C; margin: 20px 0;'>
            <p style='font-size: 11px; color: #908FA0;'>If you have any questions, please reply to this email.</p>
        </div>

----------------------------------------
